#! /usr/bin/vvp
:ivl_version "13.0 (stable)" "(v13_0-dirty)";
:ivl_delay_selection "TYPICAL";
:vpi_time_precision + 0;
:vpi_module "/usr/lib/ivl/system.vpi";
:vpi_module "/usr/lib/ivl/vhdl_sys.vpi";
:vpi_module "/usr/lib/ivl/vhdl_textio.vpi";
:vpi_module "/usr/lib/ivl/v2005_math.vpi";
:vpi_module "/usr/lib/ivl/va_math.vpi";
:vpi_module "/usr/lib/ivl/v2009.vpi";
S_0x564157e32d50 .scope package, "$unit" "$unit" 2 1;
 .timescale 0 0;
S_0x564157e32ee0 .scope module, "controlunit" "controlunit" 3 8;
 .timescale 0 0;
    .port_info 0 /INPUT 1 "clk";
    .port_info 1 /INPUT 1 "rst";
    .port_info 2 /INPUT 8 "rom_data";
    .port_info 3 /OUTPUT 1 "pc_inc";
    .port_info 4 /OUTPUT 1 "write_reg_en";
    .port_info 5 /OUTPUT 4 "reg_addr";
    .port_info 6 /OUTPUT 1 "write_temp_from_reg";
    .port_info 7 /OUTPUT 1 "high_b";
enum0x564157df8f80 .enum4 (2)
   "S_FETCH" 2'b00,
   "S_DECODE" 2'b01,
   "S_COLLECT" 2'b10
 ;
v0x564157e3e880_0 .var "bytes_to_fetch", 3 0;
o0x7f7621e39048 .functor BUFZ 1, c4<z>; HiZ drive
v0x564157e5e160_0 .net "clk", 0 0, o0x7f7621e39048;  0 drivers
v0x564157e5e220_0 .var "high_b", 0 0;
v0x564157e5e2c0_0 .var "ir", 7 0;
v0x564157e5e3a0_0 .var "pc_inc", 0 0;
v0x564157e5e460_0 .var "reg_addr", 3 0;
o0x7f7621e39138 .functor BUFZ 8, c4<zzzzzzzz>; HiZ drive
v0x564157e5e540_0 .net "rom_data", 7 0, o0x7f7621e39138;  0 drivers
o0x7f7621e39168 .functor BUFZ 1, c4<z>; HiZ drive
v0x564157e5e620_0 .net "rst", 0 0, o0x7f7621e39168;  0 drivers
v0x564157e5e6e0_0 .var "state", 1 0;
v0x564157e5e7c0_0 .var "write_reg_en", 0 0;
v0x564157e5e880_0 .var "write_temp_from_reg", 0 0;
E_0x564157e33ac0 .event posedge, v0x564157e5e620_0, v0x564157e5e160_0;
S_0x564157e3e620 .scope module, "programcounter" "programcounter" 4 1;
 .timescale 0 0;
    .port_info 0 /INPUT 1 "clk";
    .port_info 1 /INPUT 1 "rst";
    .port_info 2 /INPUT 1 "pc_inc";
    .port_info 3 /INPUT 1 "pc_load";
    .port_info 4 /INPUT 16 "d_in";
    .port_info 5 /OUTPUT 16 "pc";
o0x7f7621e393a8 .functor BUFZ 1, c4<z>; HiZ drive
v0x564157e5ea80_0 .net "clk", 0 0, o0x7f7621e393a8;  0 drivers
o0x7f7621e393d8 .functor BUFZ 16, c4<zzzzzzzzzzzzzzzz>; HiZ drive
v0x564157e5eb60_0 .net "d_in", 15 0, o0x7f7621e393d8;  0 drivers
v0x564157e5ec40_0 .var "pc", 15 0;
o0x7f7621e39438 .functor BUFZ 1, c4<z>; HiZ drive
v0x564157e5ed00_0 .net "pc_inc", 0 0, o0x7f7621e39438;  0 drivers
o0x7f7621e39468 .functor BUFZ 1, c4<z>; HiZ drive
v0x564157e5edc0_0 .net "pc_load", 0 0, o0x7f7621e39468;  0 drivers
o0x7f7621e39498 .functor BUFZ 1, c4<z>; HiZ drive
v0x564157e5ee80_0 .net "rst", 0 0, o0x7f7621e39498;  0 drivers
E_0x564157e336b0 .event posedge, v0x564157e5ee80_0, v0x564157e5ea80_0;
    .scope S_0x564157e32ee0;
T_0 ;
    %wait E_0x564157e33ac0;
    %load/vec4 v0x564157e5e620_0;
    %flag_set/vec4 8;
    %jmp/0xz  T_0.0, 8;
    %pushi/vec4 0, 0, 2;
    %assign/vec4 v0x564157e5e6e0_0, 0;
    %pushi/vec4 0, 0, 8;
    %assign/vec4 v0x564157e5e2c0_0, 0;
    %pushi/vec4 0, 0, 4;
    %assign/vec4 v0x564157e3e880_0, 0;
    %pushi/vec4 0, 0, 1;
    %assign/vec4 v0x564157e5e3a0_0, 0;
    %pushi/vec4 0, 0, 1;
    %assign/vec4 v0x564157e5e7c0_0, 0;
    %pushi/vec4 0, 0, 4;
    %assign/vec4 v0x564157e5e460_0, 0;
    %pushi/vec4 0, 0, 1;
    %assign/vec4 v0x564157e5e880_0, 0;
    %pushi/vec4 0, 0, 1;
    %assign/vec4 v0x564157e5e220_0, 0;
    %jmp T_0.1;
T_0.0 ;
    %pushi/vec4 0, 0, 1;
    %assign/vec4 v0x564157e5e3a0_0, 0;
    %pushi/vec4 0, 0, 1;
    %assign/vec4 v0x564157e5e7c0_0, 0;
    %load/vec4 v0x564157e5e6e0_0;
    %dup/vec4;
    %pushi/vec4 0, 0, 2;
    %cmp/u;
    %jmp/1 T_0.2, 6;
    %dup/vec4;
    %pushi/vec4 1, 0, 2;
    %cmp/u;
    %jmp/1 T_0.3, 6;
    %dup/vec4;
    %pushi/vec4 2, 0, 2;
    %cmp/u;
    %jmp/1 T_0.4, 6;
    %pushi/vec4 0, 0, 2;
    %assign/vec4 v0x564157e5e6e0_0, 0;
    %jmp T_0.6;
T_0.2 ;
    %load/vec4 v0x564157e5e540_0;
    %assign/vec4 v0x564157e5e2c0_0, 0;
    %pushi/vec4 1, 0, 2;
    %assign/vec4 v0x564157e5e6e0_0, 0;
    %pushi/vec4 0, 0, 4;
    %assign/vec4 v0x564157e3e880_0, 0;
    %jmp T_0.6;
T_0.3 ;
    %load/vec4 v0x564157e5e2c0_0;
    %cmpi/e 1, 0, 8;
    %jmp/0xz  T_0.7, 4;
    %pushi/vec4 2, 0, 2;
    %assign/vec4 v0x564157e5e6e0_0, 0;
    %pushi/vec4 2, 0, 4;
    %assign/vec4 v0x564157e3e880_0, 0;
    %jmp T_0.8;
T_0.7 ;
    %pushi/vec4 0, 0, 2;
    %assign/vec4 v0x564157e5e6e0_0, 0;
T_0.8 ;
    %jmp T_0.6;
T_0.4 ;
    %load/vec4 v0x564157e5e2c0_0;
    %cmpi/e 1, 0, 8;
    %flag_get/vec4 4;
    %jmp/0 T_0.11, 4;
    %load/vec4 v0x564157e3e880_0;
    %pad/u 32;
    %pushi/vec4 2, 0, 32;
    %cmp/e;
    %flag_get/vec4 4;
    %and;
T_0.11;
    %flag_set/vec4 8;
    %jmp/0xz  T_0.9, 8;
    %load/vec4 v0x564157e3e880_0;
    %subi 1, 0, 4;
    %assign/vec4 v0x564157e3e880_0, 0;
    %pushi/vec4 1, 0, 1;
    %assign/vec4 v0x564157e5e3a0_0, 0;
    %load/vec4 v0x564157e5e540_0;
    %parti/s 4, 0, 2;
    %assign/vec4 v0x564157e5e460_0, 0;
    %pushi/vec4 2, 0, 2;
    %assign/vec4 v0x564157e5e6e0_0, 0;
    %jmp T_0.10;
T_0.9 ;
    %load/vec4 v0x564157e5e2c0_0;
    %cmpi/e 1, 0, 8;
    %flag_get/vec4 4;
    %jmp/0 T_0.14, 4;
    %load/vec4 v0x564157e3e880_0;
    %pad/u 32;
    %pushi/vec4 1, 0, 32;
    %cmp/e;
    %flag_get/vec4 4;
    %and;
T_0.14;
    %flag_set/vec4 8;
    %jmp/0xz  T_0.12, 8;
    %pushi/vec4 1, 0, 1;
    %assign/vec4 v0x564157e5e3a0_0, 0;
    %pushi/vec4 1, 0, 1;
    %assign/vec4 v0x564157e5e7c0_0, 0;
    %pushi/vec4 0, 0, 2;
    %assign/vec4 v0x564157e5e6e0_0, 0;
T_0.12 ;
T_0.10 ;
    %jmp T_0.6;
T_0.6 ;
    %pop/vec4 1;
T_0.1 ;
    %jmp T_0;
    .thread T_0;
    .scope S_0x564157e3e620;
T_1 ;
    %wait E_0x564157e336b0;
    %load/vec4 v0x564157e5ee80_0;
    %flag_set/vec4 8;
    %jmp/0xz  T_1.0, 8;
    %pushi/vec4 0, 0, 16;
    %assign/vec4 v0x564157e5ec40_0, 0;
    %jmp T_1.1;
T_1.0 ;
    %load/vec4 v0x564157e5ed00_0;
    %flag_set/vec4 8;
    %jmp/0xz  T_1.2, 8;
    %load/vec4 v0x564157e5ec40_0;
    %addi 1, 0, 16;
    %assign/vec4 v0x564157e5ec40_0, 0;
    %jmp T_1.3;
T_1.2 ;
    %load/vec4 v0x564157e5edc0_0;
    %flag_set/vec4 8;
    %jmp/0xz  T_1.4, 8;
    %load/vec4 v0x564157e5eb60_0;
    %assign/vec4 v0x564157e5ec40_0, 0;
T_1.4 ;
T_1.3 ;
T_1.1 ;
    %jmp T_1;
    .thread T_1;
# The file index is used to find the file name in the following table.
:file_names 5;
    "N/A";
    "<interactive>";
    "-";
    "rtl/control-unit/controlunit.v";
    "rtl/program-counter/programcounter.v";
